The walls in the mall are like totally, totally tall.