There once was a dog named Rex. Spotting a cat named Spot, he barked. The cat
ran up a tree. Rex stopped in a shady spot under the tree and barked into the
air.

Rex's owner heard the commotion and walked to the rex where he heard the all
the ruckus. "REX! COME HERE!", yelled the owner.