I saw one owl talking to another owl. The first owl said "hoo", then the
second owl said "hoooo". Then they both said "hooooooooooooooo"!