Discography

2Pac - 2Pacalypse Now (1991)
2Pac - Strictly 4 My N.I.G.G.A.Z... (1993)
2Pac - Me Against the World (1995)
2Pac - All Eyez on Me (1996)
2Pac - The Don Killuminati: The 7 Day Theory (1996)
2Pac - R U Still Down? (Remember Me) (1997)