snake snake badger snake
badger badgerbadger
snake badger
badger
snake badger snake snake badger snake